>BEGIN OPTIONS
#^^^^^ source.mf6 keyword.control.mf6
#     ^ source.mf6
#      ^^^^^^^ source.mf6 entity.name.type.mf6
>  PRINT_INPUT
#^^^^^^^^^^^^^ source.mf6 entity.name.function.mf6
>  PRINT_FLOWS
#^^^^^^^^^^^^^ source.mf6 entity.name.function.mf6
>  SAVE_FLOWS
#^^^^^^^^^^^^ source.mf6 entity.name.function.mf6
>END OPTIONS
#^^^ source.mf6 keyword.control.mf6
#   ^ source.mf6
#    ^^^^^^^ source.mf6 entity.name.type.mf6
>
>BEGIN DIMENSIONS
#^^^^^ source.mf6 keyword.control.mf6
#     ^ source.mf6
#      ^^^^^^^^^^ source.mf6 entity.name.type.mf6
>  MAXBOUND 6
#^^^^^^^^^^ source.mf6 entity.name.function.mf6
#          ^^^ source.mf6
>END DIMENSIONS
#^^^ source.mf6 keyword.control.mf6
#   ^ source.mf6
#    ^^^^^^^^^^ source.mf6 entity.name.type.mf6
>
>BEGIN PERIOD 1
#^^^^^ source.mf6 keyword.control.mf6
#     ^ source.mf6
#      ^^^^^^ source.mf6 entity.name.type.mf6
#            ^^^ source.mf6
>1 9  16 -8.200000e-003
#^^^^^^^^^^^^^^^^^^^^^^^^ source.mf6
>1 11 13 -4.100000e-003
#^^^^^^^^^^^^^^^^^^^^^^^^ source.mf6
>1 20 14 -3.900000e-003
#^^^^^^^^^^^^^^^^^^^^^^^^ source.mf6
>1 26 10 -8.300000e-004
#^^^^^^^^^^^^^^^^^^^^^^^^ source.mf6
>1 29 6  -7.200000e-004
#^^^^^^^^^^^^^^^^^^^^^^^^ source.mf6
>1 34 12 -4.300000e-003
#^^^^^^^^^^^^^^^^^^^^^^^^ source.mf6
>END PERIOD
#^^^ source.mf6 keyword.control.mf6
#   ^ source.mf6
#    ^^^^^^ source.mf6 entity.name.type.mf6