>BEGIN OPTIONS
#^^^^^ source.mf6 keyword.control.mf6
#     ^ source.mf6
#      ^^^^^^^ source.mf6 entity.name.type.mf6
>END OPTIONS
#^^^ source.mf6 keyword.control.mf6
#   ^ source.mf6
#    ^^^^^^^ source.mf6 entity.name.type.mf6
>
>BEGIN GRIDDATA
#^^^^^ source.mf6 keyword.control.mf6
#     ^ source.mf6
#      ^^^^^^^^ source.mf6 entity.name.type.mf6
>  STRT
#^^^^^^ source.mf6 entity.name.function.mf6
>    INTERNAL FACTOR 1.
#^^^^^^^^^^^^^^^^^^^ source.mf6 entity.other.attribute-name.mf6
#                   ^^^^ source.mf6
>4.5000e+01  4.5000e+01  4.5000e+01  4.5000e+01  4.5000e+01  4.5000e+01  4.5000e+01  4.5000e+01  4.5000e+01  4.5000e+01
#^^^^^^^^^^^^^^^^^^^^^^^^^^^^^^^^^^^^^^^^^^^^^^^^^^^^^^^^^^^^^^^^^^^^^^^^^^^^^^^^^^^^^^^^^^^^^^^^^^^^^^^^^^^^^^^^^^^^^^^ source.mf6
>4.5000e+01  4.5000e+01  4.5000e+01  4.5000e+01  4.5000e+01  4.5000e+01  4.5000e+01  4.5000e+01  4.5000e+01  4.5000e+01
#^^^^^^^^^^^^^^^^^^^^^^^^^^^^^^^^^^^^^^^^^^^^^^^^^^^^^^^^^^^^^^^^^^^^^^^^^^^^^^^^^^^^^^^^^^^^^^^^^^^^^^^^^^^^^^^^^^^^^^^ source.mf6
>4.5000e+01  4.5000e+01  4.5000e+01  4.5000e+01  4.5000e+01  4.5000e+01  4.5000e+01  4.5000e+01  4.5000e+01  4.5000e+01
#^^^^^^^^^^^^^^^^^^^^^^^^^^^^^^^^^^^^^^^^^^^^^^^^^^^^^^^^^^^^^^^^^^^^^^^^^^^^^^^^^^^^^^^^^^^^^^^^^^^^^^^^^^^^^^^^^^^^^^^ source.mf6
>4.5000e+01  4.5000e+01  4.5000e+01  4.5000e+01  4.5000e+01  4.5000e+01  4.5000e+01  4.5000e+01  4.5000e+01  4.5000e+01
#^^^^^^^^^^^^^^^^^^^^^^^^^^^^^^^^^^^^^^^^^^^^^^^^^^^^^^^^^^^^^^^^^^^^^^^^^^^^^^^^^^^^^^^^^^^^^^^^^^^^^^^^^^^^^^^^^^^^^^^ source.mf6
>4.5000e+01  4.5000e+01  4.5000e+01  4.5000e+01  4.5000e+01  4.5000e+01  4.5000e+01  4.5000e+01  4.5000e+01  4.5000e+01
#^^^^^^^^^^^^^^^^^^^^^^^^^^^^^^^^^^^^^^^^^^^^^^^^^^^^^^^^^^^^^^^^^^^^^^^^^^^^^^^^^^^^^^^^^^^^^^^^^^^^^^^^^^^^^^^^^^^^^^^ source.mf6
>4.5000e+01  4.5000e+01  4.5000e+01  4.5000e+01  4.5000e+01  4.5000e+01  4.5000e+01  4.5000e+01  4.5000e+01  4.5000e+01
#^^^^^^^^^^^^^^^^^^^^^^^^^^^^^^^^^^^^^^^^^^^^^^^^^^^^^^^^^^^^^^^^^^^^^^^^^^^^^^^^^^^^^^^^^^^^^^^^^^^^^^^^^^^^^^^^^^^^^^^ source.mf6
>4.5000e+01  4.5000e+01  4.5000e+01  4.5000e+01  4.5000e+01  4.5000e+01  4.5000e+01  4.5000e+01  4.5000e+01  4.5000e+01
#^^^^^^^^^^^^^^^^^^^^^^^^^^^^^^^^^^^^^^^^^^^^^^^^^^^^^^^^^^^^^^^^^^^^^^^^^^^^^^^^^^^^^^^^^^^^^^^^^^^^^^^^^^^^^^^^^^^^^^^ source.mf6
>4.5000e+01  4.5000e+01  4.5000e+01  4.5000e+01  4.5000e+01  4.5000e+01  4.5000e+01  4.5000e+01  4.5000e+01  4.5000e+01
#^^^^^^^^^^^^^^^^^^^^^^^^^^^^^^^^^^^^^^^^^^^^^^^^^^^^^^^^^^^^^^^^^^^^^^^^^^^^^^^^^^^^^^^^^^^^^^^^^^^^^^^^^^^^^^^^^^^^^^^ source.mf6
>4.5000e+01  4.5000e+01  4.5000e+01  4.5000e+01  4.5000e+01  4.5000e+01  4.5000e+01  4.5000e+01  4.5000e+01  4.5000e+01
#^^^^^^^^^^^^^^^^^^^^^^^^^^^^^^^^^^^^^^^^^^^^^^^^^^^^^^^^^^^^^^^^^^^^^^^^^^^^^^^^^^^^^^^^^^^^^^^^^^^^^^^^^^^^^^^^^^^^^^^ source.mf6
>4.5000e+01  4.5000e+01  4.5000e+01  4.5000e+01  4.5000e+01  4.5000e+01  4.5000e+01  4.5000e+01  4.5000e+01  4.5000e+01
#^^^^^^^^^^^^^^^^^^^^^^^^^^^^^^^^^^^^^^^^^^^^^^^^^^^^^^^^^^^^^^^^^^^^^^^^^^^^^^^^^^^^^^^^^^^^^^^^^^^^^^^^^^^^^^^^^^^^^^^ source.mf6
>4.5000e+01  4.5000e+01  4.5000e+01  4.5000e+01  4.5000e+01  4.5000e+01  4.5000e+01  4.5000e+01  4.5000e+01  4.5000e+01
#^^^^^^^^^^^^^^^^^^^^^^^^^^^^^^^^^^^^^^^^^^^^^^^^^^^^^^^^^^^^^^^^^^^^^^^^^^^^^^^^^^^^^^^^^^^^^^^^^^^^^^^^^^^^^^^^^^^^^^^ source.mf6
>4.5000e+01  4.5000e+01  4.5000e+01  4.5000e+01  4.5000e+01  4.5000e+01  4.5000e+01  4.5000e+01  4.5000e+01  4.5000e+01
#^^^^^^^^^^^^^^^^^^^^^^^^^^^^^^^^^^^^^^^^^^^^^^^^^^^^^^^^^^^^^^^^^^^^^^^^^^^^^^^^^^^^^^^^^^^^^^^^^^^^^^^^^^^^^^^^^^^^^^^ source.mf6
>4.5000e+01  4.5000e+01  4.5000e+01  4.5000e+01  4.5000e+01  4.5000e+01  4.5000e+01  4.5000e+01  4.5000e+01  4.5000e+01
#^^^^^^^^^^^^^^^^^^^^^^^^^^^^^^^^^^^^^^^^^^^^^^^^^^^^^^^^^^^^^^^^^^^^^^^^^^^^^^^^^^^^^^^^^^^^^^^^^^^^^^^^^^^^^^^^^^^^^^^ source.mf6
>4.5000e+01  4.5000e+01  4.5000e+01  4.5000e+01  4.5000e+01  4.5000e+01  4.5000e+01  4.5000e+01  4.5000e+01  4.5000e+01
#^^^^^^^^^^^^^^^^^^^^^^^^^^^^^^^^^^^^^^^^^^^^^^^^^^^^^^^^^^^^^^^^^^^^^^^^^^^^^^^^^^^^^^^^^^^^^^^^^^^^^^^^^^^^^^^^^^^^^^^ source.mf6
>4.5000e+01  4.5000e+01  4.5000e+01  4.5000e+01  4.5000e+01  4.5000e+01  4.5000e+01  4.5000e+01  4.5000e+01  4.5000e+01
#^^^^^^^^^^^^^^^^^^^^^^^^^^^^^^^^^^^^^^^^^^^^^^^^^^^^^^^^^^^^^^^^^^^^^^^^^^^^^^^^^^^^^^^^^^^^^^^^^^^^^^^^^^^^^^^^^^^^^^^ source.mf6
>4.5000e+01  4.5000e+01  4.5000e+01  4.5000e+01  4.5000e+01  4.5000e+01  4.5000e+01  4.5000e+01  4.5000e+01  4.5000e+01
#^^^^^^^^^^^^^^^^^^^^^^^^^^^^^^^^^^^^^^^^^^^^^^^^^^^^^^^^^^^^^^^^^^^^^^^^^^^^^^^^^^^^^^^^^^^^^^^^^^^^^^^^^^^^^^^^^^^^^^^ source.mf6
>4.5000e+01  4.5000e+01  4.5000e+01  4.5000e+01  4.5000e+01  4.5000e+01  4.5000e+01  4.5000e+01  4.5000e+01  4.5000e+01
#^^^^^^^^^^^^^^^^^^^^^^^^^^^^^^^^^^^^^^^^^^^^^^^^^^^^^^^^^^^^^^^^^^^^^^^^^^^^^^^^^^^^^^^^^^^^^^^^^^^^^^^^^^^^^^^^^^^^^^^ source.mf6
>4.5000e+01  4.5000e+01  4.5000e+01  4.5000e+01  4.5000e+01  4.5000e+01  4.5000e+01  4.5000e+01  4.5000e+01  4.5000e+01
#^^^^^^^^^^^^^^^^^^^^^^^^^^^^^^^^^^^^^^^^^^^^^^^^^^^^^^^^^^^^^^^^^^^^^^^^^^^^^^^^^^^^^^^^^^^^^^^^^^^^^^^^^^^^^^^^^^^^^^^ source.mf6
>4.5000e+01  4.5000e+01  4.5000e+01  4.5000e+01  4.5000e+01  4.5000e+01  4.5000e+01  4.5000e+01  4.5000e+01  4.5000e+01
#^^^^^^^^^^^^^^^^^^^^^^^^^^^^^^^^^^^^^^^^^^^^^^^^^^^^^^^^^^^^^^^^^^^^^^^^^^^^^^^^^^^^^^^^^^^^^^^^^^^^^^^^^^^^^^^^^^^^^^^ source.mf6
>4.5000e+01  4.5000e+01  4.5000e+01  4.5000e+01  4.5000e+01  4.5000e+01  4.5000e+01  4.5000e+01  4.5000e+01  4.5000e+01
#^^^^^^^^^^^^^^^^^^^^^^^^^^^^^^^^^^^^^^^^^^^^^^^^^^^^^^^^^^^^^^^^^^^^^^^^^^^^^^^^^^^^^^^^^^^^^^^^^^^^^^^^^^^^^^^^^^^^^^^ source.mf6
>4.5000e+01  4.5000e+01  4.5000e+01  4.5000e+01  4.5000e+01  4.5000e+01  4.5000e+01  4.5000e+01  4.5000e+01  4.5000e+01
#^^^^^^^^^^^^^^^^^^^^^^^^^^^^^^^^^^^^^^^^^^^^^^^^^^^^^^^^^^^^^^^^^^^^^^^^^^^^^^^^^^^^^^^^^^^^^^^^^^^^^^^^^^^^^^^^^^^^^^^ source.mf6
>4.5000e+01  4.5000e+01  4.5000e+01  4.5000e+01  4.5000e+01  4.5000e+01  4.5000e+01  4.5000e+01  4.5000e+01  4.5000e+01
#^^^^^^^^^^^^^^^^^^^^^^^^^^^^^^^^^^^^^^^^^^^^^^^^^^^^^^^^^^^^^^^^^^^^^^^^^^^^^^^^^^^^^^^^^^^^^^^^^^^^^^^^^^^^^^^^^^^^^^^ source.mf6
>4.5000e+01  4.5000e+01  4.5000e+01  4.5000e+01  4.5000e+01  4.5000e+01  4.5000e+01  4.5000e+01  4.5000e+01  4.5000e+01
#^^^^^^^^^^^^^^^^^^^^^^^^^^^^^^^^^^^^^^^^^^^^^^^^^^^^^^^^^^^^^^^^^^^^^^^^^^^^^^^^^^^^^^^^^^^^^^^^^^^^^^^^^^^^^^^^^^^^^^^ source.mf6
>4.5000e+01  4.5000e+01  4.5000e+01  4.5000e+01  4.5000e+01  4.5000e+01  4.5000e+01  4.5000e+01  4.5000e+01  4.5000e+01
#^^^^^^^^^^^^^^^^^^^^^^^^^^^^^^^^^^^^^^^^^^^^^^^^^^^^^^^^^^^^^^^^^^^^^^^^^^^^^^^^^^^^^^^^^^^^^^^^^^^^^^^^^^^^^^^^^^^^^^^ source.mf6
>4.5000e+01  4.5000e+01  4.5000e+01  4.5000e+01  4.5000e+01  4.5000e+01  4.5000e+01  4.5000e+01  4.5000e+01  4.5000e+01
#^^^^^^^^^^^^^^^^^^^^^^^^^^^^^^^^^^^^^^^^^^^^^^^^^^^^^^^^^^^^^^^^^^^^^^^^^^^^^^^^^^^^^^^^^^^^^^^^^^^^^^^^^^^^^^^^^^^^^^^ source.mf6
>4.5000e+01  4.5000e+01  4.5000e+01  4.5000e+01  4.5000e+01  4.5000e+01  4.5000e+01  4.5000e+01  4.5000e+01  4.5000e+01
#^^^^^^^^^^^^^^^^^^^^^^^^^^^^^^^^^^^^^^^^^^^^^^^^^^^^^^^^^^^^^^^^^^^^^^^^^^^^^^^^^^^^^^^^^^^^^^^^^^^^^^^^^^^^^^^^^^^^^^^ source.mf6
>4.5000e+01  4.5000e+01  4.5000e+01  4.5000e+01  4.5000e+01  4.5000e+01  4.5000e+01  4.5000e+01  4.5000e+01  4.5000e+01
#^^^^^^^^^^^^^^^^^^^^^^^^^^^^^^^^^^^^^^^^^^^^^^^^^^^^^^^^^^^^^^^^^^^^^^^^^^^^^^^^^^^^^^^^^^^^^^^^^^^^^^^^^^^^^^^^^^^^^^^ source.mf6
>4.5000e+01  4.5000e+01  4.5000e+01  4.5000e+01  4.5000e+01  4.5000e+01  4.5000e+01  4.5000e+01  4.5000e+01  4.5000e+01
#^^^^^^^^^^^^^^^^^^^^^^^^^^^^^^^^^^^^^^^^^^^^^^^^^^^^^^^^^^^^^^^^^^^^^^^^^^^^^^^^^^^^^^^^^^^^^^^^^^^^^^^^^^^^^^^^^^^^^^^ source.mf6
>4.5000e+01  4.5000e+01  4.5000e+01  4.5000e+01  4.5000e+01  4.5000e+01  4.5000e+01  4.5000e+01  4.5000e+01  4.5000e+01
#^^^^^^^^^^^^^^^^^^^^^^^^^^^^^^^^^^^^^^^^^^^^^^^^^^^^^^^^^^^^^^^^^^^^^^^^^^^^^^^^^^^^^^^^^^^^^^^^^^^^^^^^^^^^^^^^^^^^^^^ source.mf6
>4.5000e+01  4.5000e+01  4.5000e+01  4.5000e+01  4.5000e+01  4.5000e+01  4.5000e+01  4.5000e+01  4.5000e+01  4.5000e+01
#^^^^^^^^^^^^^^^^^^^^^^^^^^^^^^^^^^^^^^^^^^^^^^^^^^^^^^^^^^^^^^^^^^^^^^^^^^^^^^^^^^^^^^^^^^^^^^^^^^^^^^^^^^^^^^^^^^^^^^^ source.mf6
>4.5000e+01  4.5000e+01  4.5000e+01  4.5000e+01  4.5000e+01  4.5000e+01  4.5000e+01  4.5000e+01  4.5000e+01  4.5000e+01
#^^^^^^^^^^^^^^^^^^^^^^^^^^^^^^^^^^^^^^^^^^^^^^^^^^^^^^^^^^^^^^^^^^^^^^^^^^^^^^^^^^^^^^^^^^^^^^^^^^^^^^^^^^^^^^^^^^^^^^^ source.mf6
>4.5000e+01  4.5000e+01  4.5000e+01  4.5000e+01  4.5000e+01  4.5000e+01  4.5000e+01  4.5000e+01  4.5000e+01  4.5000e+01
#^^^^^^^^^^^^^^^^^^^^^^^^^^^^^^^^^^^^^^^^^^^^^^^^^^^^^^^^^^^^^^^^^^^^^^^^^^^^^^^^^^^^^^^^^^^^^^^^^^^^^^^^^^^^^^^^^^^^^^^ source.mf6
>4.5000e+01  4.5000e+01  4.5000e+01  4.5000e+01  4.5000e+01  4.5000e+01  4.5000e+01  4.5000e+01  4.5000e+01  4.5000e+01
#^^^^^^^^^^^^^^^^^^^^^^^^^^^^^^^^^^^^^^^^^^^^^^^^^^^^^^^^^^^^^^^^^^^^^^^^^^^^^^^^^^^^^^^^^^^^^^^^^^^^^^^^^^^^^^^^^^^^^^^ source.mf6
>4.5000e+01  4.5000e+01  4.5000e+01  4.5000e+01  4.5000e+01  4.5000e+01  4.5000e+01  4.5000e+01  4.5000e+01  4.5000e+01
#^^^^^^^^^^^^^^^^^^^^^^^^^^^^^^^^^^^^^^^^^^^^^^^^^^^^^^^^^^^^^^^^^^^^^^^^^^^^^^^^^^^^^^^^^^^^^^^^^^^^^^^^^^^^^^^^^^^^^^^ source.mf6
>4.5000e+01  4.5000e+01  4.5000e+01  4.5000e+01  4.5000e+01  4.5000e+01  4.5000e+01  4.5000e+01  4.5000e+01  4.5000e+01
#^^^^^^^^^^^^^^^^^^^^^^^^^^^^^^^^^^^^^^^^^^^^^^^^^^^^^^^^^^^^^^^^^^^^^^^^^^^^^^^^^^^^^^^^^^^^^^^^^^^^^^^^^^^^^^^^^^^^^^^ source.mf6
>4.5000e+01  4.5000e+01  4.5000e+01  4.5000e+01  4.5000e+01  4.5000e+01  4.5000e+01  4.5000e+01  4.5000e+01  4.5000e+01
#^^^^^^^^^^^^^^^^^^^^^^^^^^^^^^^^^^^^^^^^^^^^^^^^^^^^^^^^^^^^^^^^^^^^^^^^^^^^^^^^^^^^^^^^^^^^^^^^^^^^^^^^^^^^^^^^^^^^^^^ source.mf6
>4.5000e+01  4.5000e+01  4.5000e+01  4.5000e+01  4.5000e+01  4.5000e+01  4.5000e+01  4.5000e+01  4.5000e+01  4.5000e+01
#^^^^^^^^^^^^^^^^^^^^^^^^^^^^^^^^^^^^^^^^^^^^^^^^^^^^^^^^^^^^^^^^^^^^^^^^^^^^^^^^^^^^^^^^^^^^^^^^^^^^^^^^^^^^^^^^^^^^^^^ source.mf6
>4.5000e+01  4.5000e+01  4.5000e+01  4.5000e+01  4.5000e+01  4.5000e+01  4.5000e+01  4.5000e+01  4.5000e+01  4.5000e+01
#^^^^^^^^^^^^^^^^^^^^^^^^^^^^^^^^^^^^^^^^^^^^^^^^^^^^^^^^^^^^^^^^^^^^^^^^^^^^^^^^^^^^^^^^^^^^^^^^^^^^^^^^^^^^^^^^^^^^^^^ source.mf6
>4.5000e+01  4.5000e+01  4.5000e+01  4.5000e+01  4.5000e+01  4.5000e+01  4.5000e+01  4.5000e+01  4.5000e+01  4.5000e+01
#^^^^^^^^^^^^^^^^^^^^^^^^^^^^^^^^^^^^^^^^^^^^^^^^^^^^^^^^^^^^^^^^^^^^^^^^^^^^^^^^^^^^^^^^^^^^^^^^^^^^^^^^^^^^^^^^^^^^^^^ source.mf6
>4.5000e+01  4.5000e+01  4.5000e+01  4.5000e+01  4.5000e+01  4.5000e+01  4.5000e+01  4.5000e+01  4.5000e+01  4.5000e+01
#^^^^^^^^^^^^^^^^^^^^^^^^^^^^^^^^^^^^^^^^^^^^^^^^^^^^^^^^^^^^^^^^^^^^^^^^^^^^^^^^^^^^^^^^^^^^^^^^^^^^^^^^^^^^^^^^^^^^^^^ source.mf6
>4.5000e+01  4.5000e+01  4.5000e+01  4.5000e+01  4.5000e+01  4.5000e+01  4.5000e+01  4.5000e+01  4.5000e+01  4.5000e+01
#^^^^^^^^^^^^^^^^^^^^^^^^^^^^^^^^^^^^^^^^^^^^^^^^^^^^^^^^^^^^^^^^^^^^^^^^^^^^^^^^^^^^^^^^^^^^^^^^^^^^^^^^^^^^^^^^^^^^^^^ source.mf6
>4.5000e+01  4.5000e+01  4.5000e+01  4.5000e+01  4.5000e+01  4.5000e+01  4.5000e+01  4.5000e+01  4.5000e+01  4.5000e+01
#^^^^^^^^^^^^^^^^^^^^^^^^^^^^^^^^^^^^^^^^^^^^^^^^^^^^^^^^^^^^^^^^^^^^^^^^^^^^^^^^^^^^^^^^^^^^^^^^^^^^^^^^^^^^^^^^^^^^^^^ source.mf6
>4.5000e+01  4.5000e+01  4.5000e+01  4.5000e+01  4.5000e+01  4.5000e+01  4.5000e+01  4.5000e+01  4.5000e+01  4.5000e+01
#^^^^^^^^^^^^^^^^^^^^^^^^^^^^^^^^^^^^^^^^^^^^^^^^^^^^^^^^^^^^^^^^^^^^^^^^^^^^^^^^^^^^^^^^^^^^^^^^^^^^^^^^^^^^^^^^^^^^^^^ source.mf6
>4.5000e+01  4.5000e+01  4.5000e+01  4.5000e+01  4.5000e+01  4.5000e+01  4.5000e+01  4.5000e+01  4.5000e+01  4.5000e+01
#^^^^^^^^^^^^^^^^^^^^^^^^^^^^^^^^^^^^^^^^^^^^^^^^^^^^^^^^^^^^^^^^^^^^^^^^^^^^^^^^^^^^^^^^^^^^^^^^^^^^^^^^^^^^^^^^^^^^^^^ source.mf6
>4.5000e+01  4.5000e+01  4.5000e+01  4.5000e+01  4.5000e+01  4.5000e+01  4.5000e+01  4.5000e+01  4.5000e+01  4.5000e+01
#^^^^^^^^^^^^^^^^^^^^^^^^^^^^^^^^^^^^^^^^^^^^^^^^^^^^^^^^^^^^^^^^^^^^^^^^^^^^^^^^^^^^^^^^^^^^^^^^^^^^^^^^^^^^^^^^^^^^^^^ source.mf6
>4.5000e+01  4.5000e+01  4.5000e+01  4.5000e+01  4.5000e+01  4.5000e+01  4.5000e+01  4.5000e+01  4.5000e+01  4.5000e+01
#^^^^^^^^^^^^^^^^^^^^^^^^^^^^^^^^^^^^^^^^^^^^^^^^^^^^^^^^^^^^^^^^^^^^^^^^^^^^^^^^^^^^^^^^^^^^^^^^^^^^^^^^^^^^^^^^^^^^^^^ source.mf6
>4.5000e+01  4.5000e+01  4.5000e+01  4.5000e+01  4.5000e+01  4.5000e+01  4.5000e+01  4.5000e+01  4.5000e+01  4.5000e+01
#^^^^^^^^^^^^^^^^^^^^^^^^^^^^^^^^^^^^^^^^^^^^^^^^^^^^^^^^^^^^^^^^^^^^^^^^^^^^^^^^^^^^^^^^^^^^^^^^^^^^^^^^^^^^^^^^^^^^^^^ source.mf6
>4.5000e+01  4.5000e+01  4.5000e+01  4.5000e+01  4.5000e+01  4.5000e+01  4.5000e+01  4.5000e+01  4.5000e+01  4.5000e+01
#^^^^^^^^^^^^^^^^^^^^^^^^^^^^^^^^^^^^^^^^^^^^^^^^^^^^^^^^^^^^^^^^^^^^^^^^^^^^^^^^^^^^^^^^^^^^^^^^^^^^^^^^^^^^^^^^^^^^^^^ source.mf6
>4.5000e+01  4.5000e+01  4.5000e+01  4.5000e+01  4.5000e+01  4.5000e+01  4.5000e+01  4.5000e+01  4.5000e+01  4.5000e+01
#^^^^^^^^^^^^^^^^^^^^^^^^^^^^^^^^^^^^^^^^^^^^^^^^^^^^^^^^^^^^^^^^^^^^^^^^^^^^^^^^^^^^^^^^^^^^^^^^^^^^^^^^^^^^^^^^^^^^^^^ source.mf6
>4.5000e+01  4.5000e+01  4.5000e+01  4.5000e+01  4.5000e+01  4.5000e+01  4.5000e+01  4.5000e+01  4.5000e+01  4.5000e+01
#^^^^^^^^^^^^^^^^^^^^^^^^^^^^^^^^^^^^^^^^^^^^^^^^^^^^^^^^^^^^^^^^^^^^^^^^^^^^^^^^^^^^^^^^^^^^^^^^^^^^^^^^^^^^^^^^^^^^^^^ source.mf6
>4.5000e+01  4.5000e+01  4.5000e+01  4.5000e+01  4.5000e+01  4.5000e+01  4.5000e+01  4.5000e+01  4.5000e+01  4.5000e+01
#^^^^^^^^^^^^^^^^^^^^^^^^^^^^^^^^^^^^^^^^^^^^^^^^^^^^^^^^^^^^^^^^^^^^^^^^^^^^^^^^^^^^^^^^^^^^^^^^^^^^^^^^^^^^^^^^^^^^^^^ source.mf6
>4.5000e+01  4.5000e+01  4.5000e+01  4.5000e+01  4.5000e+01  4.5000e+01  4.5000e+01  4.5000e+01  4.5000e+01  4.5000e+01
#^^^^^^^^^^^^^^^^^^^^^^^^^^^^^^^^^^^^^^^^^^^^^^^^^^^^^^^^^^^^^^^^^^^^^^^^^^^^^^^^^^^^^^^^^^^^^^^^^^^^^^^^^^^^^^^^^^^^^^^ source.mf6
>4.5000e+01  4.5000e+01  4.5000e+01  4.5000e+01  4.5000e+01  4.5000e+01  4.5000e+01  4.5000e+01  4.5000e+01  4.5000e+01
#^^^^^^^^^^^^^^^^^^^^^^^^^^^^^^^^^^^^^^^^^^^^^^^^^^^^^^^^^^^^^^^^^^^^^^^^^^^^^^^^^^^^^^^^^^^^^^^^^^^^^^^^^^^^^^^^^^^^^^^ source.mf6
>4.5000e+01  4.5000e+01  4.5000e+01  4.5000e+01  4.5000e+01  4.5000e+01  4.5000e+01  4.5000e+01  4.5000e+01  4.5000e+01
#^^^^^^^^^^^^^^^^^^^^^^^^^^^^^^^^^^^^^^^^^^^^^^^^^^^^^^^^^^^^^^^^^^^^^^^^^^^^^^^^^^^^^^^^^^^^^^^^^^^^^^^^^^^^^^^^^^^^^^^ source.mf6
>4.5000e+01  4.5000e+01  4.5000e+01  4.5000e+01  4.5000e+01  4.5000e+01  4.5000e+01  4.5000e+01  4.5000e+01  4.5000e+01
#^^^^^^^^^^^^^^^^^^^^^^^^^^^^^^^^^^^^^^^^^^^^^^^^^^^^^^^^^^^^^^^^^^^^^^^^^^^^^^^^^^^^^^^^^^^^^^^^^^^^^^^^^^^^^^^^^^^^^^^ source.mf6
>4.5000e+01  4.5000e+01  4.5000e+01  4.5000e+01  4.5000e+01  4.5000e+01  4.5000e+01  4.5000e+01  4.5000e+01  4.5000e+01
#^^^^^^^^^^^^^^^^^^^^^^^^^^^^^^^^^^^^^^^^^^^^^^^^^^^^^^^^^^^^^^^^^^^^^^^^^^^^^^^^^^^^^^^^^^^^^^^^^^^^^^^^^^^^^^^^^^^^^^^ source.mf6
>4.5000e+01  4.5000e+01  4.5000e+01  4.5000e+01  4.5000e+01  4.5000e+01  4.5000e+01  4.5000e+01  4.5000e+01  4.5000e+01
#^^^^^^^^^^^^^^^^^^^^^^^^^^^^^^^^^^^^^^^^^^^^^^^^^^^^^^^^^^^^^^^^^^^^^^^^^^^^^^^^^^^^^^^^^^^^^^^^^^^^^^^^^^^^^^^^^^^^^^^ source.mf6
>4.5000e+01  4.5000e+01  4.5000e+01  4.5000e+01  4.5000e+01  4.5000e+01  4.5000e+01  4.5000e+01  4.5000e+01  4.5000e+01
#^^^^^^^^^^^^^^^^^^^^^^^^^^^^^^^^^^^^^^^^^^^^^^^^^^^^^^^^^^^^^^^^^^^^^^^^^^^^^^^^^^^^^^^^^^^^^^^^^^^^^^^^^^^^^^^^^^^^^^^ source.mf6
>4.5000e+01  4.5000e+01  4.5000e+01  4.5000e+01  4.5000e+01  4.5000e+01  4.5000e+01  4.5000e+01  4.5000e+01  4.5000e+01
#^^^^^^^^^^^^^^^^^^^^^^^^^^^^^^^^^^^^^^^^^^^^^^^^^^^^^^^^^^^^^^^^^^^^^^^^^^^^^^^^^^^^^^^^^^^^^^^^^^^^^^^^^^^^^^^^^^^^^^^ source.mf6
>4.5000e+01  4.5000e+01  4.5000e+01  4.5000e+01  4.5000e+01  4.5000e+01  4.5000e+01  4.5000e+01  4.5000e+01  4.5000e+01
#^^^^^^^^^^^^^^^^^^^^^^^^^^^^^^^^^^^^^^^^^^^^^^^^^^^^^^^^^^^^^^^^^^^^^^^^^^^^^^^^^^^^^^^^^^^^^^^^^^^^^^^^^^^^^^^^^^^^^^^ source.mf6
>4.5000e+01  4.5000e+01  4.5000e+01  4.5000e+01  4.5000e+01  4.5000e+01  4.5000e+01  4.5000e+01  4.5000e+01  4.5000e+01
#^^^^^^^^^^^^^^^^^^^^^^^^^^^^^^^^^^^^^^^^^^^^^^^^^^^^^^^^^^^^^^^^^^^^^^^^^^^^^^^^^^^^^^^^^^^^^^^^^^^^^^^^^^^^^^^^^^^^^^^ source.mf6
>4.5000e+01  4.5000e+01  4.5000e+01  4.5000e+01  4.5000e+01  4.5000e+01  4.5000e+01  4.5000e+01  4.5000e+01  4.5000e+01
#^^^^^^^^^^^^^^^^^^^^^^^^^^^^^^^^^^^^^^^^^^^^^^^^^^^^^^^^^^^^^^^^^^^^^^^^^^^^^^^^^^^^^^^^^^^^^^^^^^^^^^^^^^^^^^^^^^^^^^^ source.mf6
>4.5000e+01  4.5000e+01  4.5000e+01  4.5000e+01  4.5000e+01  4.5000e+01  4.5000e+01  4.5000e+01  4.5000e+01  4.5000e+01
#^^^^^^^^^^^^^^^^^^^^^^^^^^^^^^^^^^^^^^^^^^^^^^^^^^^^^^^^^^^^^^^^^^^^^^^^^^^^^^^^^^^^^^^^^^^^^^^^^^^^^^^^^^^^^^^^^^^^^^^ source.mf6
>4.5000e+01  4.5000e+01  4.5000e+01  4.5000e+01  4.5000e+01  4.5000e+01  4.5000e+01  4.5000e+01  4.5000e+01  4.5000e+01
#^^^^^^^^^^^^^^^^^^^^^^^^^^^^^^^^^^^^^^^^^^^^^^^^^^^^^^^^^^^^^^^^^^^^^^^^^^^^^^^^^^^^^^^^^^^^^^^^^^^^^^^^^^^^^^^^^^^^^^^ source.mf6
>4.5000e+01  4.5000e+01  4.5000e+01  4.5000e+01  4.5000e+01  4.5000e+01  4.5000e+01  4.5000e+01  4.5000e+01  4.5000e+01
#^^^^^^^^^^^^^^^^^^^^^^^^^^^^^^^^^^^^^^^^^^^^^^^^^^^^^^^^^^^^^^^^^^^^^^^^^^^^^^^^^^^^^^^^^^^^^^^^^^^^^^^^^^^^^^^^^^^^^^^ source.mf6
>4.5000e+01  4.5000e+01  4.5000e+01  4.5000e+01  4.5000e+01  4.5000e+01  4.5000e+01  4.5000e+01  4.5000e+01  4.5000e+01
#^^^^^^^^^^^^^^^^^^^^^^^^^^^^^^^^^^^^^^^^^^^^^^^^^^^^^^^^^^^^^^^^^^^^^^^^^^^^^^^^^^^^^^^^^^^^^^^^^^^^^^^^^^^^^^^^^^^^^^^ source.mf6
>4.5000e+01  4.5000e+01  4.5000e+01  4.5000e+01  4.5000e+01  4.5000e+01  4.5000e+01  4.5000e+01  4.5000e+01  4.5000e+01
#^^^^^^^^^^^^^^^^^^^^^^^^^^^^^^^^^^^^^^^^^^^^^^^^^^^^^^^^^^^^^^^^^^^^^^^^^^^^^^^^^^^^^^^^^^^^^^^^^^^^^^^^^^^^^^^^^^^^^^^ source.mf6
>4.5000e+01  4.5000e+01  4.5000e+01  4.5000e+01  4.5000e+01  4.5000e+01  4.5000e+01  4.5000e+01  4.5000e+01  4.5000e+01
#^^^^^^^^^^^^^^^^^^^^^^^^^^^^^^^^^^^^^^^^^^^^^^^^^^^^^^^^^^^^^^^^^^^^^^^^^^^^^^^^^^^^^^^^^^^^^^^^^^^^^^^^^^^^^^^^^^^^^^^ source.mf6
>4.5000e+01  4.5000e+01  4.5000e+01  4.5000e+01  4.5000e+01  4.5000e+01  4.5000e+01  4.5000e+01  4.5000e+01  4.5000e+01
#^^^^^^^^^^^^^^^^^^^^^^^^^^^^^^^^^^^^^^^^^^^^^^^^^^^^^^^^^^^^^^^^^^^^^^^^^^^^^^^^^^^^^^^^^^^^^^^^^^^^^^^^^^^^^^^^^^^^^^^ source.mf6
>4.5000e+01  4.5000e+01  4.5000e+01  4.5000e+01  4.5000e+01  4.5000e+01  4.5000e+01  4.5000e+01  4.5000e+01  4.5000e+01
#^^^^^^^^^^^^^^^^^^^^^^^^^^^^^^^^^^^^^^^^^^^^^^^^^^^^^^^^^^^^^^^^^^^^^^^^^^^^^^^^^^^^^^^^^^^^^^^^^^^^^^^^^^^^^^^^^^^^^^^ source.mf6
>4.5000e+01  4.5000e+01  4.5000e+01  4.5000e+01  4.5000e+01  4.5000e+01  4.5000e+01  4.5000e+01  4.5000e+01  4.5000e+01
#^^^^^^^^^^^^^^^^^^^^^^^^^^^^^^^^^^^^^^^^^^^^^^^^^^^^^^^^^^^^^^^^^^^^^^^^^^^^^^^^^^^^^^^^^^^^^^^^^^^^^^^^^^^^^^^^^^^^^^^ source.mf6
>4.5000e+01  4.5000e+01  4.5000e+01  4.5000e+01  4.5000e+01  4.5000e+01  4.5000e+01  4.5000e+01  4.5000e+01  4.5000e+01
#^^^^^^^^^^^^^^^^^^^^^^^^^^^^^^^^^^^^^^^^^^^^^^^^^^^^^^^^^^^^^^^^^^^^^^^^^^^^^^^^^^^^^^^^^^^^^^^^^^^^^^^^^^^^^^^^^^^^^^^ source.mf6
>4.5000e+01  4.5000e+01  4.5000e+01  4.5000e+01  4.5000e+01  4.5000e+01  4.5000e+01  4.5000e+01  4.5000e+01  4.5000e+01
#^^^^^^^^^^^^^^^^^^^^^^^^^^^^^^^^^^^^^^^^^^^^^^^^^^^^^^^^^^^^^^^^^^^^^^^^^^^^^^^^^^^^^^^^^^^^^^^^^^^^^^^^^^^^^^^^^^^^^^^ source.mf6
>4.5000e+01  4.5000e+01  4.5000e+01  4.5000e+01  4.5000e+01  4.5000e+01  4.5000e+01  4.5000e+01  4.5000e+01  4.5000e+01
#^^^^^^^^^^^^^^^^^^^^^^^^^^^^^^^^^^^^^^^^^^^^^^^^^^^^^^^^^^^^^^^^^^^^^^^^^^^^^^^^^^^^^^^^^^^^^^^^^^^^^^^^^^^^^^^^^^^^^^^ source.mf6
>4.5000e+01  4.5000e+01  4.5000e+01  4.5000e+01  4.5000e+01  4.5000e+01  4.5000e+01  4.5000e+01  4.5000e+01  4.5000e+01
#^^^^^^^^^^^^^^^^^^^^^^^^^^^^^^^^^^^^^^^^^^^^^^^^^^^^^^^^^^^^^^^^^^^^^^^^^^^^^^^^^^^^^^^^^^^^^^^^^^^^^^^^^^^^^^^^^^^^^^^ source.mf6
>4.5000e+01  4.5000e+01  4.5000e+01  4.5000e+01  4.5000e+01  4.5000e+01  4.5000e+01  4.5000e+01  4.5000e+01  4.5000e+01
#^^^^^^^^^^^^^^^^^^^^^^^^^^^^^^^^^^^^^^^^^^^^^^^^^^^^^^^^^^^^^^^^^^^^^^^^^^^^^^^^^^^^^^^^^^^^^^^^^^^^^^^^^^^^^^^^^^^^^^^ source.mf6
>4.5000e+01  4.5000e+01  4.5000e+01  4.5000e+01  4.5000e+01  4.5000e+01  4.5000e+01  4.5000e+01  4.5000e+01  4.5000e+01
#^^^^^^^^^^^^^^^^^^^^^^^^^^^^^^^^^^^^^^^^^^^^^^^^^^^^^^^^^^^^^^^^^^^^^^^^^^^^^^^^^^^^^^^^^^^^^^^^^^^^^^^^^^^^^^^^^^^^^^^ source.mf6
>4.5000e+01  4.5000e+01  4.5000e+01  4.5000e+01  4.5000e+01  4.5000e+01  4.5000e+01  4.5000e+01  4.5000e+01  4.5000e+01
#^^^^^^^^^^^^^^^^^^^^^^^^^^^^^^^^^^^^^^^^^^^^^^^^^^^^^^^^^^^^^^^^^^^^^^^^^^^^^^^^^^^^^^^^^^^^^^^^^^^^^^^^^^^^^^^^^^^^^^^ source.mf6
>4.5000e+01  4.5000e+01  4.5000e+01  4.5000e+01  4.5000e+01  1.6900e+01  1.6400e+01  1.6100e+01  1.5600e+01  1.5100e+01
#^^^^^^^^^^^^^^^^^^^^^^^^^^^^^^^^^^^^^^^^^^^^^^^^^^^^^^^^^^^^^^^^^^^^^^^^^^^^^^^^^^^^^^^^^^^^^^^^^^^^^^^^^^^^^^^^^^^^^^^ source.mf6
>1.4000e+01  1.3000e+01  1.2500e+01  1.2000e+01  1.1400e+01  4.5000e+01  4.5000e+01  4.5000e+01  4.5000e+01  4.5000e+01
#^^^^^^^^^^^^^^^^^^^^^^^^^^^^^^^^^^^^^^^^^^^^^^^^^^^^^^^^^^^^^^^^^^^^^^^^^^^^^^^^^^^^^^^^^^^^^^^^^^^^^^^^^^^^^^^^^^^^^^^ source.mf6
>END GRIDDATA
#^^^ source.mf6 keyword.control.mf6
#   ^ source.mf6
#    ^^^^^^^^ source.mf6 entity.name.type.mf6